-I: Adding /opt/ambertools/dat/leap/prep to search path.
-I: Adding /opt/ambertools/dat/leap/lib to search path.
-I: Adding /opt/ambertools/dat/leap/parm to search path.
-I: Adding /opt/ambertools/dat/leap/cmd to search path.
-f: Source /mnt/e/Adhesive-AI-Lab/work/md_baselines/odpa-oda-catechol-pdba-v1/polyimide-cell/tleap.in.

Welcome to LEaP!
(no leaprc in search path)
Sourcing: /mnt/e/Adhesive-AI-Lab/work/md_baselines/odpa-oda-catechol-pdba-v1/polyimide-cell/tleap.in
----- Source: /opt/ambertools/dat/leap/cmd/leaprc.gaff2
----- Source of /opt/ambertools/dat/leap/cmd/leaprc.gaff2 done
Log file: ./leap.log
Loading parameters: /opt/ambertools/dat/leap/parm/gaff2.dat
Reading title:
AMBER General Force Field for organic molecules (Version 2.11, May 2016)
Loading parameters: /mnt/e/Adhesive-AI-Lab/work/md_baselines/odpa-oda-catechol-pdba-v1/polyimide-cell/polyimide_dp8.frcmod
Reading force field modification type file (frcmod)
Reading title:
Remark line goes here
Loading Mol2 file: /mnt/e/Adhesive-AI-Lab/work/md_baselines/odpa-oda-catechol-pdba-v1/polyimide-cell/polyimide_dp8.mol2
Reading MOLECULE named POL
Loading PDB file: /mnt/e/Adhesive-AI-Lab/work/md_baselines/odpa-oda-catechol-pdba-v1/polyimide-cell/packed.pdb
  total atoms in file: 2694
Checking 'system'....
Checking parameters for unit 'system'.
Checking for bond parameters.
Checking for angle parameters.
Unit is OK.
Checking Unit.
Building topology.
Building atom parameters.
Building bond parameters.
Building angle parameters.
Building proper torsion parameters.
Building improper torsion parameters.
 total 1548 improper torsions applied
Building H-Bond parameters.
Incorporating Non-Bonded adjustments.
Not Marking per-residue atom chain types.
Marking per-residue atom chain types.
  (Residues lacking connect0/connect1 - 
   these don't have chain types marked:

	res	total affected

	POL	6
  )
 (no restraints)
Writing pdb file: /mnt/e/Adhesive-AI-Lab/work/md_baselines/odpa-oda-catechol-pdba-v1/polyimide-cell/system.pdb
   printing CRYST1 record to PDB file with box info
	Quit

Exiting LEaP: Errors = 0; Warnings = 0; Notes = 0.
